<?xml version="1.0" encoding="UTF-8"?>
<TestRun id="05fa26a8-8cff-4755-afbe-c4d1e78c446c" name="pals@PALS-LAPTOP 2010-07-28 20:52:39" runUser="BENNETT\pals" xmlns="http://microsoft.com/schemas/VisualStudio/TeamTest/2010">
  <TestSettings name="Default Test Settings" id="bb45896c-1f95-43ab-a4ac-a6cd6ae7e7f7">
    <Deployment runDeploymentRoot="pals_PALS-LAPTOP 2010-07-28 20_52_39">
      <DeploymentItem filename="C:\Code\Imdb\Imdb\bin\Imdb.dll" />
    </Deployment>
    <Execution>
      <TestTypeSpecific />
      <AgentRule name="Execution Agents">
      </AgentRule>
    </Execution>
  </TestSettings>
  <Times creation="2010-07-28T20:52:39.9861408+02:00" queuing="2010-07-28T20:52:43.6123482+02:00" start="2010-07-28T20:52:43.6933528+02:00" finish="2010-07-28T20:52:51.7898159+02:00" />
  <ResultSummary outcome="Error">
    <Counters total="1" executed="1" error="0" failed="0" timeout="0" aborted="1" inconclusive="0" passedButRunAborted="0" notRunnable="0" notExecuted="0" disconnected="0" warning="0" passed="0" completed="0" inProgress="0" pending="0" />
    <RunInfos>
      <RunInfo computerName="PALS-LAPTOP" outcome="Error" timestamp="2010-07-28T20:52:51.7788153+02:00">
        <Text>Test host process exited unexpectedly.</Text>
      </RunInfo>
    </RunInfos>
  </ResultSummary>
  <TestDefinitions>
    <UnitTest name="Displays_20_Movies_On_Load" storage="c:\code\imdb\imdb.tests\bin\debug\imdb.tests.dll" id="c5de44cd-b19a-c7da-af57-39fe5b01537f">
      <Execution id="6b369e4b-bdc3-46ad-884a-2445a9e94e41" />
      <TestMethod codeBase="C:/Code/Imdb/Imdb.Tests/bin/Debug/Imdb.Tests.DLL" adapterTypeName="Microsoft.VisualStudio.TestTools.TestTypes.Unit.UnitTestAdapter, Microsoft.VisualStudio.QualityTools.Tips.UnitTest.Adapter, Version=10.0.0.0, Culture=neutral, PublicKeyToken=b03f5f7f11d50a3a" className="Imdb.Tests.Controllers.MoviesControllerTest, Imdb.Tests, Version=1.0.0.0, Culture=neutral, PublicKeyToken=null" name="Displays_20_Movies_On_Load" />
    </UnitTest>
  </TestDefinitions>
  <TestLists>
    <TestList name="Results Not in a List" id="8c84fa94-04c1-424b-9868-57a2d4851a1d" />
    <TestList name="All Loaded Results" id="19431567-8539-422a-85d7-44ee4e166bda" />
  </TestLists>
  <TestEntries>
    <TestEntry testId="c5de44cd-b19a-c7da-af57-39fe5b01537f" executionId="6b369e4b-bdc3-46ad-884a-2445a9e94e41" testListId="8c84fa94-04c1-424b-9868-57a2d4851a1d" />
  </TestEntries>
  <Results>
    <UnitTestResult executionId="6b369e4b-bdc3-46ad-884a-2445a9e94e41" testId="c5de44cd-b19a-c7da-af57-39fe5b01537f" testName="Displays_20_Movies_On_Load" computerName="PALS-LAPTOP" duration="00:00:08.0344595" startTime="2010-07-28T20:52:43.7553564+02:00" endTime="2010-07-28T20:52:51.7898159+02:00" testType="13cdc9d9-ddb5-4fa4-a97d-d965ccfc6d4b" outcome="Aborted" testListId="8c84fa94-04c1-424b-9868-57a2d4851a1d" relativeResultsDirectory="6b369e4b-bdc3-46ad-884a-2445a9e94e41">
    </UnitTestResult>
  </Results>
</TestRun>