<?xml version="1.0" encoding="UTF-8"?>
<TestRun id="e57334f0-f5cb-493f-88a5-1fcc7228bcc5" name="pals@PALS-LAPTOP 2010-07-28 20:52:54" runUser="BENNETT\pals" xmlns="http://microsoft.com/schemas/VisualStudio/TeamTest/2010">
  <TestSettings name="Default Test Settings" id="dffcdfbe-a33f-4465-8dd9-6ca905a66f85">
    <Deployment runDeploymentRoot="pals_PALS-LAPTOP 2010-07-28 20_52_54">
      <DeploymentItem filename="C:\Code\Imdb\Imdb\bin\Imdb.dll" />
    </Deployment>
    <Execution>
      <TestTypeSpecific />
      <AgentRule name="Execution Agents">
      </AgentRule>
    </Execution>
  </TestSettings>
  <Times creation="2010-07-28T20:52:54.4079657+02:00" queuing="2010-07-28T20:52:55.6270354+02:00" start="2010-07-28T20:52:55.7100401+02:00" finish="2010-07-28T20:53:00.5073145+02:00" />
  <ResultSummary outcome="Error">
    <Counters total="18" executed="7" passed="6" error="0" failed="0" timeout="0" aborted="1" inconclusive="0" passedButRunAborted="0" notRunnable="0" notExecuted="11" disconnected="0" warning="0" completed="0" inProgress="0" pending="0" />
    <RunInfos>
      <RunInfo computerName="PALS-LAPTOP" outcome="Error" timestamp="2010-07-28T20:53:00.4693123+02:00">
        <Text>Test host process exited unexpectedly.</Text>
      </RunInfo>
    </RunInfos>
  </ResultSummary>
  <TestDefinitions>
    <UnitTest name="LogOff_LogsOutAndRedirects" storage="c:\code\imdb\imdb.tests\bin\debug\imdb.tests.dll" id="174597b4-2b74-c086-29b2-29b9654fb991">
      <Execution id="46b07adf-659f-48b6-8e2f-1ee2e6517603" />
      <TestMethod codeBase="C:/Code/Imdb/Imdb.Tests/bin/Debug/Imdb.Tests.DLL" adapterTypeName="Microsoft.VisualStudio.TestTools.TestTypes.Unit.UnitTestAdapter, Microsoft.VisualStudio.QualityTools.Tips.UnitTest.Adapter, Version=10.0.0.0, Culture=neutral, PublicKeyToken=b03f5f7f11d50a3a" className="Imdb.Tests.Controllers.AccountControllerTest, Imdb.Tests, Version=1.0.0.0, Culture=neutral, PublicKeyToken=null" name="LogOff_LogsOutAndRedirects" />
    </UnitTest>
    <UnitTest name="LogOn_Post_ReturnsViewIfValidateUserFails" storage="c:\code\imdb\imdb.tests\bin\debug\imdb.tests.dll" id="fcf79dc2-8a2b-bac1-712d-49668e5f0fe3">
      <Execution id="d80bf6f0-6764-4d4e-b374-130065e516e6" />
      <TestMethod codeBase="C:/Code/Imdb/Imdb.Tests/bin/Debug/Imdb.Tests.DLL" adapterTypeName="Microsoft.VisualStudio.TestTools.TestTypes.Unit.UnitTestAdapter, Microsoft.VisualStudio.QualityTools.Tips.UnitTest.Adapter, Version=10.0.0.0, Culture=neutral, PublicKeyToken=b03f5f7f11d50a3a" className="Imdb.Tests.Controllers.AccountControllerTest, Imdb.Tests, Version=1.0.0.0, Culture=neutral, PublicKeyToken=null" name="LogOn_Post_ReturnsViewIfValidateUserFails" />
    </UnitTest>
    <UnitTest name="Register_Post_ReturnsRedirectOnSuccess" storage="c:\code\imdb\imdb.tests\bin\debug\imdb.tests.dll" id="ebacf72f-c84b-04fb-1f82-f3715998e6bd">
      <Execution id="73497f54-20d1-4ab5-bb0a-0ad8f85a84c5" />
      <TestMethod codeBase="C:/Code/Imdb/Imdb.Tests/bin/Debug/Imdb.Tests.DLL" adapterTypeName="Microsoft.VisualStudio.TestTools.TestTypes.Unit.UnitTestAdapter, Microsoft.VisualStudio.QualityTools.Tips.UnitTest.Adapter, Version=10.0.0.0, Culture=neutral, PublicKeyToken=b03f5f7f11d50a3a" className="Imdb.Tests.Controllers.AccountControllerTest, Imdb.Tests, Version=1.0.0.0, Culture=neutral, PublicKeyToken=null" name="Register_Post_ReturnsRedirectOnSuccess" />
    </UnitTest>
    <UnitTest name="About" storage="c:\code\imdb\imdb.tests\bin\debug\imdb.tests.dll" id="908040ed-4f6d-6ccc-e46a-e077add5f440">
      <Execution id="1a14319d-87a5-47ae-93a1-b388b9c07dc6" />
      <TestMethod codeBase="C:/Code/Imdb/Imdb.Tests/bin/Debug/Imdb.Tests.DLL" adapterTypeName="Microsoft.VisualStudio.TestTools.TestTypes.Unit.UnitTestAdapter, Microsoft.VisualStudio.QualityTools.Tips.UnitTest.Adapter, Version=10.0.0.0, Culture=neutral, PublicKeyToken=b03f5f7f11d50a3a" className="Imdb.Tests.Controllers.HomeControllerTest, Imdb.Tests, Version=1.0.0.0, Culture=neutral, PublicKeyToken=null" name="About" />
    </UnitTest>
    <UnitTest name="LogOn_Post_ReturnsRedirectOnSuccess_WithReturnUrl" storage="c:\code\imdb\imdb.tests\bin\debug\imdb.tests.dll" id="2a499e46-052a-67d1-83f3-439c1c595562">
      <Execution id="8f69155e-c6a6-44be-94bf-c7d135978ddf" />
      <TestMethod codeBase="C:/Code/Imdb/Imdb.Tests/bin/Debug/Imdb.Tests.DLL" adapterTypeName="Microsoft.VisualStudio.TestTools.TestTypes.Unit.UnitTestAdapter, Microsoft.VisualStudio.QualityTools.Tips.UnitTest.Adapter, Version=10.0.0.0, Culture=neutral, PublicKeyToken=b03f5f7f11d50a3a" className="Imdb.Tests.Controllers.AccountControllerTest, Imdb.Tests, Version=1.0.0.0, Culture=neutral, PublicKeyToken=null" name="LogOn_Post_ReturnsRedirectOnSuccess_WithReturnUrl" />
    </UnitTest>
    <UnitTest name="Index" storage="c:\code\imdb\imdb.tests\bin\debug\imdb.tests.dll" id="85e5d60b-ea1d-d4a2-e2e9-7b69187fbc14">
      <Execution id="e5d63602-fbed-429a-a252-561658752599" />
      <TestMethod codeBase="C:/Code/Imdb/Imdb.Tests/bin/Debug/Imdb.Tests.DLL" adapterTypeName="Microsoft.VisualStudio.TestTools.TestTypes.Unit.UnitTestAdapter, Microsoft.VisualStudio.QualityTools.Tips.UnitTest.Adapter, Version=10.0.0.0, Culture=neutral, PublicKeyToken=b03f5f7f11d50a3a" className="Imdb.Tests.Controllers.HomeControllerTest, Imdb.Tests, Version=1.0.0.0, Culture=neutral, PublicKeyToken=null" name="Index" />
    </UnitTest>
    <UnitTest name="ChangePassword_Post_ReturnsViewIfChangePasswordFails" storage="c:\code\imdb\imdb.tests\bin\debug\imdb.tests.dll" id="ce85b5f6-f5bf-a39b-90d8-f98e7b2f56a6">
      <Execution id="a204fc18-96f2-46e8-8a5b-777c6de1c610" />
      <TestMethod codeBase="C:/Code/Imdb/Imdb.Tests/bin/Debug/Imdb.Tests.DLL" adapterTypeName="Microsoft.VisualStudio.TestTools.TestTypes.Unit.UnitTestAdapter, Microsoft.VisualStudio.QualityTools.Tips.UnitTest.Adapter, Version=10.0.0.0, Culture=neutral, PublicKeyToken=b03f5f7f11d50a3a" className="Imdb.Tests.Controllers.AccountControllerTest, Imdb.Tests, Version=1.0.0.0, Culture=neutral, PublicKeyToken=null" name="ChangePassword_Post_ReturnsViewIfChangePasswordFails" />
    </UnitTest>
    <UnitTest name="LogOn_Get_ReturnsView" storage="c:\code\imdb\imdb.tests\bin\debug\imdb.tests.dll" id="13d04260-9869-ed88-54ce-7c8b2db9978a">
      <Execution id="e0850553-7ee9-4e38-ad45-bbdcbc7726b9" />
      <TestMethod codeBase="C:/Code/Imdb/Imdb.Tests/bin/Debug/Imdb.Tests.DLL" adapterTypeName="Microsoft.VisualStudio.TestTools.TestTypes.Unit.UnitTestAdapter, Microsoft.VisualStudio.QualityTools.Tips.UnitTest.Adapter, Version=10.0.0.0, Culture=neutral, PublicKeyToken=b03f5f7f11d50a3a" className="Imdb.Tests.Controllers.AccountControllerTest, Imdb.Tests, Version=1.0.0.0, Culture=neutral, PublicKeyToken=null" name="LogOn_Get_ReturnsView" />
    </UnitTest>
    <UnitTest name="ChangePassword_Post_ReturnsRedirectOnSuccess" storage="c:\code\imdb\imdb.tests\bin\debug\imdb.tests.dll" id="03b1136e-7965-51a1-3a4c-da4496200cf0">
      <Execution id="b5047036-7088-4aaa-8789-450960c43e30" />
      <TestMethod codeBase="C:/Code/Imdb/Imdb.Tests/bin/Debug/Imdb.Tests.DLL" adapterTypeName="Microsoft.VisualStudio.TestTools.TestTypes.Unit.UnitTestAdapter, Microsoft.VisualStudio.QualityTools.Tips.UnitTest.Adapter, Version=10.0.0.0, Culture=neutral, PublicKeyToken=b03f5f7f11d50a3a" className="Imdb.Tests.Controllers.AccountControllerTest, Imdb.Tests, Version=1.0.0.0, Culture=neutral, PublicKeyToken=null" name="ChangePassword_Post_ReturnsRedirectOnSuccess" />
    </UnitTest>
    <UnitTest name="Displays_20_Movies_On_Load" storage="c:\code\imdb\imdb.tests\bin\debug\imdb.tests.dll" id="c5de44cd-b19a-c7da-af57-39fe5b01537f">
      <Execution id="7cc7d4ba-2dd9-4974-b623-f282f37771c8" />
      <TestMethod codeBase="C:/Code/Imdb/Imdb.Tests/bin/Debug/Imdb.Tests.DLL" adapterTypeName="Microsoft.VisualStudio.TestTools.TestTypes.Unit.UnitTestAdapter, Microsoft.VisualStudio.QualityTools.Tips.UnitTest.Adapter, Version=10.0.0.0, Culture=neutral, PublicKeyToken=b03f5f7f11d50a3a" className="Imdb.Tests.Controllers.MoviesControllerTest, Imdb.Tests, Version=1.0.0.0, Culture=neutral, PublicKeyToken=null" name="Displays_20_Movies_On_Load" />
    </UnitTest>
    <UnitTest name="ChangePasswordSuccess_ReturnsView" storage="c:\code\imdb\imdb.tests\bin\debug\imdb.tests.dll" id="86cbffad-2b23-f11c-29f0-4f1215b59faa">
      <Execution id="e8dc35ce-bc8b-4742-9bc6-371ec19439df" />
      <TestMethod codeBase="C:/Code/Imdb/Imdb.Tests/bin/Debug/Imdb.Tests.DLL" adapterTypeName="Microsoft.VisualStudio.TestTools.TestTypes.Unit.UnitTestAdapter, Microsoft.VisualStudio.QualityTools.Tips.UnitTest.Adapter, Version=10.0.0.0, Culture=neutral, PublicKeyToken=b03f5f7f11d50a3a" className="Imdb.Tests.Controllers.AccountControllerTest, Imdb.Tests, Version=1.0.0.0, Culture=neutral, PublicKeyToken=null" name="ChangePasswordSuccess_ReturnsView" />
    </UnitTest>
    <UnitTest name="LogOn_Post_ReturnsViewIfModelStateIsInvalid" storage="c:\code\imdb\imdb.tests\bin\debug\imdb.tests.dll" id="09b9c876-7e66-fa16-3dea-0ac6ac83f0ad">
      <Execution id="5e092b23-f5a0-4797-9613-9623ed7307bf" />
      <TestMethod codeBase="C:/Code/Imdb/Imdb.Tests/bin/Debug/Imdb.Tests.DLL" adapterTypeName="Microsoft.VisualStudio.TestTools.TestTypes.Unit.UnitTestAdapter, Microsoft.VisualStudio.QualityTools.Tips.UnitTest.Adapter, Version=10.0.0.0, Culture=neutral, PublicKeyToken=b03f5f7f11d50a3a" className="Imdb.Tests.Controllers.AccountControllerTest, Imdb.Tests, Version=1.0.0.0, Culture=neutral, PublicKeyToken=null" name="LogOn_Post_ReturnsViewIfModelStateIsInvalid" />
    </UnitTest>
    <UnitTest name="ChangePassword_Get_ReturnsView" storage="c:\code\imdb\imdb.tests\bin\debug\imdb.tests.dll" id="e67c0fb2-cf56-0ce6-5fea-65bf97a3b3e3">
      <Execution id="b7bcd74e-3232-48e7-9592-18181d53b677" />
      <TestMethod codeBase="C:/Code/Imdb/Imdb.Tests/bin/Debug/Imdb.Tests.DLL" adapterTypeName="Microsoft.VisualStudio.TestTools.TestTypes.Unit.UnitTestAdapter, Microsoft.VisualStudio.QualityTools.Tips.UnitTest.Adapter, Version=10.0.0.0, Culture=neutral, PublicKeyToken=b03f5f7f11d50a3a" className="Imdb.Tests.Controllers.AccountControllerTest, Imdb.Tests, Version=1.0.0.0, Culture=neutral, PublicKeyToken=null" name="ChangePassword_Get_ReturnsView" />
    </UnitTest>
    <UnitTest name="LogOn_Post_ReturnsRedirectOnSuccess_WithoutReturnUrl" storage="c:\code\imdb\imdb.tests\bin\debug\imdb.tests.dll" id="f92ce31c-3c47-d668-6faa-3912df4114ea">
      <Execution id="613b07d8-0255-4845-b32c-92c753e36389" />
      <TestMethod codeBase="C:/Code/Imdb/Imdb.Tests/bin/Debug/Imdb.Tests.DLL" adapterTypeName="Microsoft.VisualStudio.TestTools.TestTypes.Unit.UnitTestAdapter, Microsoft.VisualStudio.QualityTools.Tips.UnitTest.Adapter, Version=10.0.0.0, Culture=neutral, PublicKeyToken=b03f5f7f11d50a3a" className="Imdb.Tests.Controllers.AccountControllerTest, Imdb.Tests, Version=1.0.0.0, Culture=neutral, PublicKeyToken=null" name="LogOn_Post_ReturnsRedirectOnSuccess_WithoutReturnUrl" />
    </UnitTest>
    <UnitTest name="Register_Post_ReturnsViewIfRegistrationFails" storage="c:\code\imdb\imdb.tests\bin\debug\imdb.tests.dll" id="35ea955f-4d0e-0718-c851-56e12bb4e68c">
      <Execution id="47bf0f29-39c9-42e6-bdb6-66eab04dbd33" />
      <TestMethod codeBase="C:/Code/Imdb/Imdb.Tests/bin/Debug/Imdb.Tests.DLL" adapterTypeName="Microsoft.VisualStudio.TestTools.TestTypes.Unit.UnitTestAdapter, Microsoft.VisualStudio.QualityTools.Tips.UnitTest.Adapter, Version=10.0.0.0, Culture=neutral, PublicKeyToken=b03f5f7f11d50a3a" className="Imdb.Tests.Controllers.AccountControllerTest, Imdb.Tests, Version=1.0.0.0, Culture=neutral, PublicKeyToken=null" name="Register_Post_ReturnsViewIfRegistrationFails" />
    </UnitTest>
    <UnitTest name="Register_Get_ReturnsView" storage="c:\code\imdb\imdb.tests\bin\debug\imdb.tests.dll" id="dd30b6e4-da59-886e-767a-f2ecc3d9bac4">
      <Execution id="68c29645-dad5-4efb-9b18-88e1e0733fb3" />
      <TestMethod codeBase="C:/Code/Imdb/Imdb.Tests/bin/Debug/Imdb.Tests.DLL" adapterTypeName="Microsoft.VisualStudio.TestTools.TestTypes.Unit.UnitTestAdapter, Microsoft.VisualStudio.QualityTools.Tips.UnitTest.Adapter, Version=10.0.0.0, Culture=neutral, PublicKeyToken=b03f5f7f11d50a3a" className="Imdb.Tests.Controllers.AccountControllerTest, Imdb.Tests, Version=1.0.0.0, Culture=neutral, PublicKeyToken=null" name="Register_Get_ReturnsView" />
    </UnitTest>
    <UnitTest name="Register_Post_ReturnsViewIfModelStateIsInvalid" storage="c:\code\imdb\imdb.tests\bin\debug\imdb.tests.dll" id="b44220fa-16c1-5980-c3e6-9a2e39ac825e">
      <Execution id="e8076dda-f911-475c-80aa-388008fc5c6e" />
      <TestMethod codeBase="C:/Code/Imdb/Imdb.Tests/bin/Debug/Imdb.Tests.DLL" adapterTypeName="Microsoft.VisualStudio.TestTools.TestTypes.Unit.UnitTestAdapter, Microsoft.VisualStudio.QualityTools.Tips.UnitTest.Adapter, Version=10.0.0.0, Culture=neutral, PublicKeyToken=b03f5f7f11d50a3a" className="Imdb.Tests.Controllers.AccountControllerTest, Imdb.Tests, Version=1.0.0.0, Culture=neutral, PublicKeyToken=null" name="Register_Post_ReturnsViewIfModelStateIsInvalid" />
    </UnitTest>
    <UnitTest name="ChangePassword_Post_ReturnsViewIfModelStateIsInvalid" storage="c:\code\imdb\imdb.tests\bin\debug\imdb.tests.dll" id="c7a21835-2ef0-7cf6-a273-fb2ae7f3bdf3">
      <Execution id="a355620d-f969-45b1-b91f-1f2321754832" />
      <TestMethod codeBase="C:/Code/Imdb/Imdb.Tests/bin/Debug/Imdb.Tests.DLL" adapterTypeName="Microsoft.VisualStudio.TestTools.TestTypes.Unit.UnitTestAdapter, Microsoft.VisualStudio.QualityTools.Tips.UnitTest.Adapter, Version=10.0.0.0, Culture=neutral, PublicKeyToken=b03f5f7f11d50a3a" className="Imdb.Tests.Controllers.AccountControllerTest, Imdb.Tests, Version=1.0.0.0, Culture=neutral, PublicKeyToken=null" name="ChangePassword_Post_ReturnsViewIfModelStateIsInvalid" />
    </UnitTest>
  </TestDefinitions>
  <TestLists>
    <TestList name="Results Not in a List" id="8c84fa94-04c1-424b-9868-57a2d4851a1d" />
    <TestList name="All Loaded Results" id="19431567-8539-422a-85d7-44ee4e166bda" />
  </TestLists>
  <TestEntries>
    <TestEntry testId="03b1136e-7965-51a1-3a4c-da4496200cf0" executionId="b5047036-7088-4aaa-8789-450960c43e30" testListId="8c84fa94-04c1-424b-9868-57a2d4851a1d" />
    <TestEntry testId="09b9c876-7e66-fa16-3dea-0ac6ac83f0ad" executionId="5e092b23-f5a0-4797-9613-9623ed7307bf" testListId="8c84fa94-04c1-424b-9868-57a2d4851a1d" />
    <TestEntry testId="13d04260-9869-ed88-54ce-7c8b2db9978a" executionId="e0850553-7ee9-4e38-ad45-bbdcbc7726b9" testListId="8c84fa94-04c1-424b-9868-57a2d4851a1d" />
    <TestEntry testId="174597b4-2b74-c086-29b2-29b9654fb991" executionId="46b07adf-659f-48b6-8e2f-1ee2e6517603" testListId="8c84fa94-04c1-424b-9868-57a2d4851a1d" />
    <TestEntry testId="2a499e46-052a-67d1-83f3-439c1c595562" executionId="8f69155e-c6a6-44be-94bf-c7d135978ddf" testListId="8c84fa94-04c1-424b-9868-57a2d4851a1d" />
    <TestEntry testId="35ea955f-4d0e-0718-c851-56e12bb4e68c" executionId="47bf0f29-39c9-42e6-bdb6-66eab04dbd33" testListId="8c84fa94-04c1-424b-9868-57a2d4851a1d" />
    <TestEntry testId="85e5d60b-ea1d-d4a2-e2e9-7b69187fbc14" executionId="e5d63602-fbed-429a-a252-561658752599" testListId="8c84fa94-04c1-424b-9868-57a2d4851a1d" />
    <TestEntry testId="86cbffad-2b23-f11c-29f0-4f1215b59faa" executionId="e8dc35ce-bc8b-4742-9bc6-371ec19439df" testListId="8c84fa94-04c1-424b-9868-57a2d4851a1d" />
    <TestEntry testId="908040ed-4f6d-6ccc-e46a-e077add5f440" executionId="1a14319d-87a5-47ae-93a1-b388b9c07dc6" testListId="8c84fa94-04c1-424b-9868-57a2d4851a1d" />
    <TestEntry testId="b44220fa-16c1-5980-c3e6-9a2e39ac825e" executionId="e8076dda-f911-475c-80aa-388008fc5c6e" testListId="8c84fa94-04c1-424b-9868-57a2d4851a1d" />
    <TestEntry testId="c5de44cd-b19a-c7da-af57-39fe5b01537f" executionId="7cc7d4ba-2dd9-4974-b623-f282f37771c8" testListId="8c84fa94-04c1-424b-9868-57a2d4851a1d" />
    <TestEntry testId="c7a21835-2ef0-7cf6-a273-fb2ae7f3bdf3" executionId="a355620d-f969-45b1-b91f-1f2321754832" testListId="8c84fa94-04c1-424b-9868-57a2d4851a1d" />
    <TestEntry testId="ce85b5f6-f5bf-a39b-90d8-f98e7b2f56a6" executionId="a204fc18-96f2-46e8-8a5b-777c6de1c610" testListId="8c84fa94-04c1-424b-9868-57a2d4851a1d" />
    <TestEntry testId="dd30b6e4-da59-886e-767a-f2ecc3d9bac4" executionId="68c29645-dad5-4efb-9b18-88e1e0733fb3" testListId="8c84fa94-04c1-424b-9868-57a2d4851a1d" />
    <TestEntry testId="e67c0fb2-cf56-0ce6-5fea-65bf97a3b3e3" executionId="b7bcd74e-3232-48e7-9592-18181d53b677" testListId="8c84fa94-04c1-424b-9868-57a2d4851a1d" />
    <TestEntry testId="ebacf72f-c84b-04fb-1f82-f3715998e6bd" executionId="73497f54-20d1-4ab5-bb0a-0ad8f85a84c5" testListId="8c84fa94-04c1-424b-9868-57a2d4851a1d" />
    <TestEntry testId="f92ce31c-3c47-d668-6faa-3912df4114ea" executionId="613b07d8-0255-4845-b32c-92c753e36389" testListId="8c84fa94-04c1-424b-9868-57a2d4851a1d" />
    <TestEntry testId="fcf79dc2-8a2b-bac1-712d-49668e5f0fe3" executionId="d80bf6f0-6764-4d4e-b374-130065e516e6" testListId="8c84fa94-04c1-424b-9868-57a2d4851a1d" />
  </TestEntries>
  <Results>
    <UnitTestResult executionId="b5047036-7088-4aaa-8789-450960c43e30" testId="03b1136e-7965-51a1-3a4c-da4496200cf0" testName="ChangePassword_Post_ReturnsRedirectOnSuccess" computerName="PALS-LAPTOP" duration="00:00:00.1610608" startTime="2010-07-28T20:52:55.7860445+02:00" endTime="2010-07-28T20:52:57.2831301+02:00" testType="13cdc9d9-ddb5-4fa4-a97d-d965ccfc6d4b" outcome="Passed" testListId="8c84fa94-04c1-424b-9868-57a2d4851a1d" relativeResultsDirectory="b5047036-7088-4aaa-8789-450960c43e30">
    </UnitTestResult>
    <UnitTestResult executionId="5e092b23-f5a0-4797-9613-9623ed7307bf" testId="09b9c876-7e66-fa16-3dea-0ac6ac83f0ad" testName="LogOn_Post_ReturnsViewIfModelStateIsInvalid" computerName="PALS-LAPTOP" duration="00:00:00.0049720" startTime="2010-07-28T20:52:57.3061314+02:00" endTime="2010-07-28T20:52:57.3231324+02:00" testType="13cdc9d9-ddb5-4fa4-a97d-d965ccfc6d4b" outcome="Passed" testListId="8c84fa94-04c1-424b-9868-57a2d4851a1d" relativeResultsDirectory="5e092b23-f5a0-4797-9613-9623ed7307bf">
    </UnitTestResult>
    <UnitTestResult executionId="e0850553-7ee9-4e38-ad45-bbdcbc7726b9" testId="13d04260-9869-ed88-54ce-7c8b2db9978a" testName="LogOn_Get_ReturnsView" computerName="PALS-LAPTOP" duration="00:00:00.0004226" startTime="2010-07-28T20:52:57.3311329+02:00" endTime="2010-07-28T20:52:57.3401334+02:00" testType="13cdc9d9-ddb5-4fa4-a97d-d965ccfc6d4b" outcome="Passed" testListId="8c84fa94-04c1-424b-9868-57a2d4851a1d" relativeResultsDirectory="e0850553-7ee9-4e38-ad45-bbdcbc7726b9">
    </UnitTestResult>
    <UnitTestResult executionId="46b07adf-659f-48b6-8e2f-1ee2e6517603" testId="174597b4-2b74-c086-29b2-29b9654fb991" testName="LogOff_LogsOutAndRedirects" computerName="PALS-LAPTOP" duration="00:00:00.0007433" startTime="2010-07-28T20:52:57.3481338+02:00" endTime="2010-07-28T20:52:57.3591345+02:00" testType="13cdc9d9-ddb5-4fa4-a97d-d965ccfc6d4b" outcome="Passed" testListId="8c84fa94-04c1-424b-9868-57a2d4851a1d" relativeResultsDirectory="46b07adf-659f-48b6-8e2f-1ee2e6517603">
    </UnitTestResult>
    <UnitTestResult executionId="8f69155e-c6a6-44be-94bf-c7d135978ddf" testId="2a499e46-052a-67d1-83f3-439c1c595562" testName="LogOn_Post_ReturnsRedirectOnSuccess_WithReturnUrl" computerName="PALS-LAPTOP" duration="00:00:00.0016722" startTime="2010-07-28T20:52:57.3671349+02:00" endTime="2010-07-28T20:52:57.3781355+02:00" testType="13cdc9d9-ddb5-4fa4-a97d-d965ccfc6d4b" outcome="Passed" testListId="8c84fa94-04c1-424b-9868-57a2d4851a1d" relativeResultsDirectory="8f69155e-c6a6-44be-94bf-c7d135978ddf">
    </UnitTestResult>
    <UnitTestResult executionId="47bf0f29-39c9-42e6-bdb6-66eab04dbd33" testId="35ea955f-4d0e-0718-c851-56e12bb4e68c" testName="Register_Post_ReturnsViewIfRegistrationFails" computerName="PALS-LAPTOP" duration="00:00:00.0024883" startTime="2010-07-28T20:52:57.3851359+02:00" endTime="2010-07-28T20:52:57.3971366+02:00" testType="13cdc9d9-ddb5-4fa4-a97d-d965ccfc6d4b" outcome="Passed" testListId="8c84fa94-04c1-424b-9868-57a2d4851a1d" relativeResultsDirectory="47bf0f29-39c9-42e6-bdb6-66eab04dbd33">
    </UnitTestResult>
    <UnitTestResult executionId="e5d63602-fbed-429a-a252-561658752599" testId="85e5d60b-ea1d-d4a2-e2e9-7b69187fbc14" testName="Index" computerName="PALS-LAPTOP" duration="00:00:03.0631752" startTime="2010-07-28T20:52:57.4091373+02:00" endTime="2010-07-28T20:53:00.4723125+02:00" testType="13cdc9d9-ddb5-4fa4-a97d-d965ccfc6d4b" outcome="Aborted" testListId="8c84fa94-04c1-424b-9868-57a2d4851a1d" relativeResultsDirectory="e5d63602-fbed-429a-a252-561658752599">
    </UnitTestResult>
    <UnitTestResult executionId="e8dc35ce-bc8b-4742-9bc6-371ec19439df" testId="86cbffad-2b23-f11c-29f0-4f1215b59faa" testName="ChangePasswordSuccess_ReturnsView" computerName="PALS-LAPTOP" testType="13cdc9d9-ddb5-4fa4-a97d-d965ccfc6d4b" outcome="NotExecuted" testListId="8c84fa94-04c1-424b-9868-57a2d4851a1d" relativeResultsDirectory="e8dc35ce-bc8b-4742-9bc6-371ec19439df">
    </UnitTestResult>
    <UnitTestResult executionId="1a14319d-87a5-47ae-93a1-b388b9c07dc6" testId="908040ed-4f6d-6ccc-e46a-e077add5f440" testName="About" computerName="PALS-LAPTOP" testType="13cdc9d9-ddb5-4fa4-a97d-d965ccfc6d4b" outcome="NotExecuted" testListId="8c84fa94-04c1-424b-9868-57a2d4851a1d" relativeResultsDirectory="1a14319d-87a5-47ae-93a1-b388b9c07dc6">
    </UnitTestResult>
    <UnitTestResult executionId="e8076dda-f911-475c-80aa-388008fc5c6e" testId="b44220fa-16c1-5980-c3e6-9a2e39ac825e" testName="Register_Post_ReturnsViewIfModelStateIsInvalid" computerName="PALS-LAPTOP" testType="13cdc9d9-ddb5-4fa4-a97d-d965ccfc6d4b" outcome="NotExecuted" testListId="8c84fa94-04c1-424b-9868-57a2d4851a1d" relativeResultsDirectory="e8076dda-f911-475c-80aa-388008fc5c6e">
    </UnitTestResult>
    <UnitTestResult executionId="7cc7d4ba-2dd9-4974-b623-f282f37771c8" testId="c5de44cd-b19a-c7da-af57-39fe5b01537f" testName="Displays_20_Movies_On_Load" computerName="PALS-LAPTOP" testType="13cdc9d9-ddb5-4fa4-a97d-d965ccfc6d4b" outcome="NotExecuted" testListId="8c84fa94-04c1-424b-9868-57a2d4851a1d" relativeResultsDirectory="7cc7d4ba-2dd9-4974-b623-f282f37771c8">
    </UnitTestResult>
    <UnitTestResult executionId="a355620d-f969-45b1-b91f-1f2321754832" testId="c7a21835-2ef0-7cf6-a273-fb2ae7f3bdf3" testName="ChangePassword_Post_ReturnsViewIfModelStateIsInvalid" computerName="PALS-LAPTOP" testType="13cdc9d9-ddb5-4fa4-a97d-d965ccfc6d4b" outcome="NotExecuted" testListId="8c84fa94-04c1-424b-9868-57a2d4851a1d" relativeResultsDirectory="a355620d-f969-45b1-b91f-1f2321754832">
    </UnitTestResult>
    <UnitTestResult executionId="a204fc18-96f2-46e8-8a5b-777c6de1c610" testId="ce85b5f6-f5bf-a39b-90d8-f98e7b2f56a6" testName="ChangePassword_Post_ReturnsViewIfChangePasswordFails" computerName="PALS-LAPTOP" testType="13cdc9d9-ddb5-4fa4-a97d-d965ccfc6d4b" outcome="NotExecuted" testListId="8c84fa94-04c1-424b-9868-57a2d4851a1d" relativeResultsDirectory="a204fc18-96f2-46e8-8a5b-777c6de1c610">
    </UnitTestResult>
    <UnitTestResult executionId="68c29645-dad5-4efb-9b18-88e1e0733fb3" testId="dd30b6e4-da59-886e-767a-f2ecc3d9bac4" testName="Register_Get_ReturnsView" computerName="PALS-LAPTOP" testType="13cdc9d9-ddb5-4fa4-a97d-d965ccfc6d4b" outcome="NotExecuted" testListId="8c84fa94-04c1-424b-9868-57a2d4851a1d" relativeResultsDirectory="68c29645-dad5-4efb-9b18-88e1e0733fb3">
    </UnitTestResult>
    <UnitTestResult executionId="b7bcd74e-3232-48e7-9592-18181d53b677" testId="e67c0fb2-cf56-0ce6-5fea-65bf97a3b3e3" testName="ChangePassword_Get_ReturnsView" computerName="PALS-LAPTOP" testType="13cdc9d9-ddb5-4fa4-a97d-d965ccfc6d4b" outcome="NotExecuted" testListId="8c84fa94-04c1-424b-9868-57a2d4851a1d" relativeResultsDirectory="b7bcd74e-3232-48e7-9592-18181d53b677">
    </UnitTestResult>
    <UnitTestResult executionId="73497f54-20d1-4ab5-bb0a-0ad8f85a84c5" testId="ebacf72f-c84b-04fb-1f82-f3715998e6bd" testName="Register_Post_ReturnsRedirectOnSuccess" computerName="PALS-LAPTOP" testType="13cdc9d9-ddb5-4fa4-a97d-d965ccfc6d4b" outcome="NotExecuted" testListId="8c84fa94-04c1-424b-9868-57a2d4851a1d" relativeResultsDirectory="73497f54-20d1-4ab5-bb0a-0ad8f85a84c5">
    </UnitTestResult>
    <UnitTestResult executionId="613b07d8-0255-4845-b32c-92c753e36389" testId="f92ce31c-3c47-d668-6faa-3912df4114ea" testName="LogOn_Post_ReturnsRedirectOnSuccess_WithoutReturnUrl" computerName="PALS-LAPTOP" testType="13cdc9d9-ddb5-4fa4-a97d-d965ccfc6d4b" outcome="NotExecuted" testListId="8c84fa94-04c1-424b-9868-57a2d4851a1d" relativeResultsDirectory="613b07d8-0255-4845-b32c-92c753e36389">
    </UnitTestResult>
    <UnitTestResult executionId="d80bf6f0-6764-4d4e-b374-130065e516e6" testId="fcf79dc2-8a2b-bac1-712d-49668e5f0fe3" testName="LogOn_Post_ReturnsViewIfValidateUserFails" computerName="PALS-LAPTOP" testType="13cdc9d9-ddb5-4fa4-a97d-d965ccfc6d4b" outcome="NotExecuted" testListId="8c84fa94-04c1-424b-9868-57a2d4851a1d" relativeResultsDirectory="d80bf6f0-6764-4d4e-b374-130065e516e6">
    </UnitTestResult>
  </Results>
</TestRun>