<?xml version="1.0" encoding="UTF-8"?>
<TestRun id="6f427c34-cb6b-4fe3-85f1-c3e536e3a586" name="pals@PALS-LAPTOP 2010-07-28 21:26:25" runUser="BENNETT\pals" xmlns="http://microsoft.com/schemas/VisualStudio/TeamTest/2010">
  <TestSettings name="Default Test Settings" id="4203adb6-9000-4bb1-a36f-ea24cdf9632d">
    <Deployment runDeploymentRoot="pals_PALS-LAPTOP 2010-07-28 21_26_25">
      <DeploymentItem filename="C:\Code\Imdb\Imdb\bin\Imdb.dll" />
      <DeploymentItem filename="C:\Code\Imdb\lib\moq\Moq.dll" />
    </Deployment>
    <Execution>
      <TestTypeSpecific />
      <AgentRule name="Execution Agents">
      </AgentRule>
    </Execution>
  </TestSettings>
  <Times creation="2010-07-28T21:26:25.9840212+02:00" queuing="2010-07-28T21:26:26.3930446+02:00" start="2010-07-28T21:26:26.4050453+02:00" finish="2010-07-28T21:26:27.0860843+02:00" />
  <ResultSummary outcome="Failed">
    <Counters total="1" executed="1" error="0" failed="1" timeout="0" aborted="0" inconclusive="0" passedButRunAborted="0" notRunnable="0" notExecuted="0" disconnected="0" warning="0" passed="0" completed="0" inProgress="0" pending="0" />
  </ResultSummary>
  <TestDefinitions>
    <UnitTest name="Can_Choose_Paging_Options" storage="c:\code\imdb\imdb.tests\bin\debug\imdb.tests.dll" id="2ec4f2e6-192b-fd53-a4c9-49986b4caebd">
      <Execution id="4bbf9bc4-2753-4824-aac8-5a9e7ef11ea7" />
      <TestMethod codeBase="C:/Code/Imdb/Imdb.Tests/bin/Debug/Imdb.Tests.DLL" adapterTypeName="Microsoft.VisualStudio.TestTools.TestTypes.Unit.UnitTestAdapter, Microsoft.VisualStudio.QualityTools.Tips.UnitTest.Adapter, Version=10.0.0.0, Culture=neutral, PublicKeyToken=b03f5f7f11d50a3a" className="Imdb.Tests.Controllers.MoviesControllerTest, Imdb.Tests, Version=1.0.0.0, Culture=neutral, PublicKeyToken=null" name="Can_Choose_Paging_Options" />
    </UnitTest>
  </TestDefinitions>
  <TestLists>
    <TestList name="Results Not in a List" id="8c84fa94-04c1-424b-9868-57a2d4851a1d" />
    <TestList name="All Loaded Results" id="19431567-8539-422a-85d7-44ee4e166bda" />
  </TestLists>
  <TestEntries>
    <TestEntry testId="2ec4f2e6-192b-fd53-a4c9-49986b4caebd" executionId="4bbf9bc4-2753-4824-aac8-5a9e7ef11ea7" testListId="8c84fa94-04c1-424b-9868-57a2d4851a1d" />
  </TestEntries>
  <Results>
    <UnitTestResult executionId="4bbf9bc4-2753-4824-aac8-5a9e7ef11ea7" testId="2ec4f2e6-192b-fd53-a4c9-49986b4caebd" testName="Can_Choose_Paging_Options" computerName="PALS-LAPTOP" duration="00:00:00.3478789" startTime="2010-07-28T21:26:26.4610485+02:00" endTime="2010-07-28T21:26:27.0280809+02:00" testType="13cdc9d9-ddb5-4fa4-a97d-d965ccfc6d4b" outcome="Failed" testListId="8c84fa94-04c1-424b-9868-57a2d4851a1d" relativeResultsDirectory="4bbf9bc4-2753-4824-aac8-5a9e7ef11ea7">
      <Output>
        <ErrorInfo>
          <Message>Assert.Fail failed. Could not find expected object in list
30</Message>
          <StackTrace>   at Imdb.Tests.Controllers.TestExtensions.ShouldContain(IList collection, IEnumerable items) in C:\Code\Imdb\Imdb.Tests\Controllers\MoviesControllerTest.cs:line 80
   at Imdb.Tests.Controllers.MoviesControllerTest.Can_Choose_Paging_Options() in C:\Code\Imdb\Imdb.Tests\Controllers\MoviesControllerTest.cs:line 48
</StackTrace>
        </ErrorInfo>
      </Output>
    </UnitTestResult>
  </Results>
</TestRun>